// Jest Snapshot v1, https://goo.gl/fbAQLP

exports[`Card matches the snapshot 1`] = `
<div
  className="card"
>
  <button
    className="favorited"
    onClick={[Function]}
    type="button"
  >
    <img
      alt="mil-falc"
      className="mil-falc"
      src="death-star.svg"
    />
    <h3>
      Favorite
    </h3>
  </button>
  <h3>
    meow
  </h3>
  <div
    key="meow0"
  >
    meow
  </div>
  <div
    key="meow1"
  >
    meow
  </div>
  <div
    key="meow2"
  >
    meow
  </div>
  <div
    key="meow3"
  >
    meow
  </div>
  <div />
</div>
`;
